root - ERROR - Error in session: 755434585, probe id: Not selected yet
root - ERROR - Traceback (most recent call last):
  File "/home/acampbell/NeuropixelsLFPOnRamp/DetectingSWRs/ABI_Pipeline/abi_swr_detector.py", line 395, in process_session
    raise FileExistsError(f"The directory {session_subfolder} already exists.")
FileExistsError: The directory /space/scratch/allen_visbehave_swr_data/allen_visbehave_swr_murphylab2024/swrs_session_755434585 already exists.

root - ERROR - Error in session: 746083955, probe id: Not selected yet
root - ERROR - Traceback (most recent call last):
  File "/home/acampbell/NeuropixelsLFPOnRamp/DetectingSWRs/ABI_Pipeline/abi_swr_detector.py", line 395, in process_session
    raise FileExistsError(f"The directory {session_subfolder} already exists.")
FileExistsError: The directory /space/scratch/allen_visbehave_swr_data/allen_visbehave_swr_murphylab2024/swrs_session_746083955 already exists.

root - ERROR - Error in session: 751348571, probe id: Not selected yet
root - ERROR - Traceback (most recent call last):
  File "/home/acampbell/NeuropixelsLFPOnRamp/DetectingSWRs/ABI_Pipeline/abi_swr_detector.py", line 395, in process_session
    raise FileExistsError(f"The directory {session_subfolder} already exists.")
FileExistsError: The directory /space/scratch/allen_visbehave_swr_data/allen_visbehave_swr_murphylab2024/swrs_session_751348571 already exists.

root - ERROR - Error in session: 743475441, probe id: Not selected yet
root - ERROR - Traceback (most recent call last):
  File "/home/acampbell/NeuropixelsLFPOnRamp/DetectingSWRs/ABI_Pipeline/abi_swr_detector.py", line 395, in process_session
    raise FileExistsError(f"The directory {session_subfolder} already exists.")
FileExistsError: The directory /space/scratch/allen_visbehave_swr_data/allen_visbehave_swr_murphylab2024/swrs_session_743475441 already exists.

root - ERROR - Error in session: 754312389, probe id: Not selected yet
root - ERROR - Traceback (most recent call last):
  File "/home/acampbell/NeuropixelsLFPOnRamp/DetectingSWRs/ABI_Pipeline/abi_swr_detector.py", line 395, in process_session
    raise FileExistsError(f"The directory {session_subfolder} already exists.")
FileExistsError: The directory /space/scratch/allen_visbehave_swr_data/allen_visbehave_swr_murphylab2024/swrs_session_754312389 already exists.

root - ERROR - Error in session: 750332458, probe id: Not selected yet
root - ERROR - Traceback (most recent call last):
  File "/home/acampbell/NeuropixelsLFPOnRamp/DetectingSWRs/ABI_Pipeline/abi_swr_detector.py", line 395, in process_session
    raise FileExistsError(f"The directory {session_subfolder} already exists.")
FileExistsError: The directory /space/scratch/allen_visbehave_swr_data/allen_visbehave_swr_murphylab2024/swrs_session_750332458 already exists.

root - ERROR - Error in session: 744228101, probe id: Not selected yet
root - ERROR - Traceback (most recent call last):
  File "/home/acampbell/NeuropixelsLFPOnRamp/DetectingSWRs/ABI_Pipeline/abi_swr_detector.py", line 395, in process_session
    raise FileExistsError(f"The directory {session_subfolder} already exists.")
FileExistsError: The directory /space/scratch/allen_visbehave_swr_data/allen_visbehave_swr_murphylab2024/swrs_session_744228101 already exists.

root - ERROR - Error in session: 757970808, probe id: Not selected yet
root - ERROR - Traceback (most recent call last):
  File "/home/acampbell/NeuropixelsLFPOnRamp/DetectingSWRs/ABI_Pipeline/abi_swr_detector.py", line 395, in process_session
    raise FileExistsError(f"The directory {session_subfolder} already exists.")
FileExistsError: The directory /space/scratch/allen_visbehave_swr_data/allen_visbehave_swr_murphylab2024/swrs_session_757970808 already exists.

root - ERROR - Error in session: 754829445, probe id: Not selected yet
root - ERROR - Traceback (most recent call last):
  File "/home/acampbell/NeuropixelsLFPOnRamp/DetectingSWRs/ABI_Pipeline/abi_swr_detector.py", line 395, in process_session
    raise FileExistsError(f"The directory {session_subfolder} already exists.")
FileExistsError: The directory /space/scratch/allen_visbehave_swr_data/allen_visbehave_swr_murphylab2024/swrs_session_754829445 already exists.

root - ERROR - Error in session: 750749662, probe id: Not selected yet
root - ERROR - Traceback (most recent call last):
  File "/home/acampbell/NeuropixelsLFPOnRamp/DetectingSWRs/ABI_Pipeline/abi_swr_detector.py", line 395, in process_session
    raise FileExistsError(f"The directory {session_subfolder} already exists.")
FileExistsError: The directory /space/scratch/allen_visbehave_swr_data/allen_visbehave_swr_murphylab2024/swrs_session_750749662 already exists.

root - ERROR - Error in session: 760345702, probe id: Not selected yet
root - ERROR - Traceback (most recent call last):
  File "/home/acampbell/NeuropixelsLFPOnRamp/DetectingSWRs/ABI_Pipeline/abi_swr_detector.py", line 395, in process_session
    raise FileExistsError(f"The directory {session_subfolder} already exists.")
FileExistsError: The directory /space/scratch/allen_visbehave_swr_data/allen_visbehave_swr_murphylab2024/swrs_session_760345702 already exists.

root - ERROR - Error in session: 758798717, probe id: Not selected yet
root - ERROR - Traceback (most recent call last):
  File "/home/acampbell/NeuropixelsLFPOnRamp/DetectingSWRs/ABI_Pipeline/abi_swr_detector.py", line 395, in process_session
    raise FileExistsError(f"The directory {session_subfolder} already exists.")
FileExistsError: The directory /space/scratch/allen_visbehave_swr_data/allen_visbehave_swr_murphylab2024/swrs_session_758798717 already exists.

root - WARNING - downloading a 2167.265MiB file from http://api.brain-map.org//api/v2/well_known_file_download/1026124299
root - ERROR - Error in session: 762602078, probe id: Not selected yet
root - ERROR - Traceback (most recent call last):
  File "/home/acampbell/NeuropixelsLFPOnRamp/DetectingSWRs/ABI_Pipeline/abi_swr_detector.py", line 395, in process_session
    raise FileExistsError(f"The directory {session_subfolder} already exists.")
FileExistsError: The directory /space/scratch/allen_visbehave_swr_data/allen_visbehave_swr_murphylab2024/swrs_session_762602078 already exists.

root - ERROR - Error in session: 759883607, probe id: Not selected yet
root - ERROR - Traceback (most recent call last):
  File "/home/acampbell/NeuropixelsLFPOnRamp/DetectingSWRs/ABI_Pipeline/abi_swr_detector.py", line 395, in process_session
    raise FileExistsError(f"The directory {session_subfolder} already exists.")
FileExistsError: The directory /space/scratch/allen_visbehave_swr_data/allen_visbehave_swr_murphylab2024/swrs_session_759883607 already exists.

root - ERROR - During session 715093703 processing : Nan in lfp of Probe 810755801, probe skipped.
root - ERROR - Error in session: 715093703, probe id: 810755801
root - ERROR - Traceback (most recent call last):
  File "/home/acampbell/NeuropixelsLFPOnRamp/DetectingSWRs/ABI_Pipeline/abi_swr_detector.py", line 445, in process_session
    raise ValueError(f"During session {session_id} processing : Nan in lfp of Probe {probe_id}, probe skipped.")  # Raise error
ValueError: During session 715093703 processing : Nan in lfp of Probe 810755801, probe skipped.

During handling of the above exception, another exception occurred:

Traceback (most recent call last):
  File "/home/acampbell/NeuropixelsLFPOnRamp/DetectingSWRs/ABI_Pipeline/abi_swr_detector.py", line 448, in process_session
    del lfp  # Delete lfp from memory to save RAM
UnboundLocalError: local variable 'lfp' referenced before assignment

root - ERROR - Error in session: 761418226, probe id: Not selected yet
root - ERROR - Traceback (most recent call last):
  File "/home/acampbell/NeuropixelsLFPOnRamp/DetectingSWRs/ABI_Pipeline/abi_swr_detector.py", line 395, in process_session
    raise FileExistsError(f"The directory {session_subfolder} already exists.")
FileExistsError: The directory /space/scratch/allen_visbehave_swr_data/allen_visbehave_swr_murphylab2024/swrs_session_761418226 already exists.

root - ERROR - Error in session: 763673393, probe id: Not selected yet
root - ERROR - Traceback (most recent call last):
  File "/home/acampbell/NeuropixelsLFPOnRamp/DetectingSWRs/ABI_Pipeline/abi_swr_detector.py", line 395, in process_session
    raise FileExistsError(f"The directory {session_subfolder} already exists.")
FileExistsError: The directory /space/scratch/allen_visbehave_swr_data/allen_visbehave_swr_murphylab2024/swrs_session_763673393 already exists.

root - ERROR - Error in session: 719161530, probe id: Not selected yet
root - ERROR - Traceback (most recent call last):
  File "/home/acampbell/NeuropixelsLFPOnRamp/DetectingSWRs/ABI_Pipeline/abi_swr_detector.py", line 395, in process_session
    raise FileExistsError(f"The directory {session_subfolder} already exists.")
FileExistsError: The directory /space/scratch/allen_visbehave_swr_data/allen_visbehave_swr_murphylab2024/swrs_session_719161530 already exists.

root - ERROR - Error in session: 721123822, probe id: Not selected yet
root - ERROR - Traceback (most recent call last):
  File "/home/acampbell/NeuropixelsLFPOnRamp/DetectingSWRs/ABI_Pipeline/abi_swr_detector.py", line 395, in process_session
    raise FileExistsError(f"The directory {session_subfolder} already exists.")
FileExistsError: The directory /space/scratch/allen_visbehave_swr_data/allen_visbehave_swr_murphylab2024/swrs_session_721123822 already exists.

root - WARNING - downloading a 2071.820MiB file from http://api.brain-map.org//api/v2/well_known_file_download/1026124920
root - WARNING - downloading a 2028.281MiB file from http://api.brain-map.org//api/v2/well_known_file_download/1026124352
root - WARNING - downloading a 1967.392MiB file from http://api.brain-map.org//api/v2/well_known_file_download/1026124013
root - WARNING - downloading a 2345.779MiB file from http://api.brain-map.org//api/v2/well_known_file_download/1026124407
root - ERROR - During session 756029989 processing : Nan in lfp of Probe 760640097, probe skipped.
root - ERROR - Error in session: 756029989, probe id: 760640097
root - ERROR - Traceback (most recent call last):
  File "/home/acampbell/NeuropixelsLFPOnRamp/DetectingSWRs/ABI_Pipeline/abi_swr_detector.py", line 445, in process_session
    raise ValueError(f"During session {session_id} processing : Nan in lfp of Probe {probe_id}, probe skipped.")  # Raise error
ValueError: During session 756029989 processing : Nan in lfp of Probe 760640097, probe skipped.

During handling of the above exception, another exception occurred:

Traceback (most recent call last):
  File "/home/acampbell/NeuropixelsLFPOnRamp/DetectingSWRs/ABI_Pipeline/abi_swr_detector.py", line 448, in process_session
    del lfp  # Delete lfp from memory to save RAM
UnboundLocalError: local variable 'lfp' referenced before assignment

root - ERROR - Error in session: 757216464, probe id: Not selected yet
root - ERROR - Traceback (most recent call last):
  File "/home/acampbell/NeuropixelsLFPOnRamp/DetectingSWRs/ABI_Pipeline/abi_swr_detector.py", line 395, in process_session
    raise FileExistsError(f"The directory {session_subfolder} already exists.")
FileExistsError: The directory /space/scratch/allen_visbehave_swr_data/allen_visbehave_swr_murphylab2024/swrs_session_757216464 already exists.

root - WARNING - downloading a 1736.877MiB file from http://api.brain-map.org//api/v2/well_known_file_download/1026124547
root - WARNING - downloading a 1706.689MiB file from http://api.brain-map.org//api/v2/well_known_file_download/1026124350
root - WARNING - downloading a 2214.092MiB file from http://api.brain-map.org//api/v2/well_known_file_download/1026124551
root - WARNING - downloading a 1805.372MiB file from http://api.brain-map.org//api/v2/well_known_file_download/1026124922
root - WARNING - downloading a 2198.298MiB file from http://api.brain-map.org//api/v2/well_known_file_download/1026124011
root - WARNING - downloading a 2394.671MiB file from http://api.brain-map.org//api/v2/well_known_file_download/1026124411
root - WARNING - downloading a 2244.217MiB file from http://api.brain-map.org//api/v2/well_known_file_download/1026124297
root - WARNING - downloading a 2235.646MiB file from http://api.brain-map.org//api/v2/well_known_file_download/1026124555
root - WARNING - downloading a 1824.032MiB file from http://api.brain-map.org//api/v2/well_known_file_download/1026124009
root - WARNING - downloading a 2093.199MiB file from http://api.brain-map.org//api/v2/well_known_file_download/1026124354
root - WARNING - downloading a 2029.050MiB file from http://api.brain-map.org//api/v2/well_known_file_download/1026124924
root - WARNING - downloading a 2020.442MiB file from http://api.brain-map.org//api/v2/well_known_file_download/1026124409
root - WARNING - downloading a 2068.267MiB file from http://api.brain-map.org//api/v2/well_known_file_download/1026124295
root - WARNING - downloading a 2272.458MiB file from http://api.brain-map.org//api/v2/well_known_file_download/1026124557
root - WARNING - downloading a 1950.896MiB file from http://api.brain-map.org//api/v2/well_known_file_download/1026124926
root - WARNING - downloading a 1588.923MiB file from http://api.brain-map.org//api/v2/well_known_file_download/1026124356
root - WARNING - downloading a 1914.311MiB file from http://api.brain-map.org//api/v2/well_known_file_download/1026124415
root - WARNING - downloading a 1924.780MiB file from http://api.brain-map.org//api/v2/well_known_file_download/1026124301
root - WARNING - downloading a 1854.255MiB file from http://api.brain-map.org//api/v2/well_known_file_download/1026124015
root - WARNING - downloading a 1799.742MiB file from http://api.brain-map.org//api/v2/well_known_file_download/1026124553
root - WARNING - downloading a 1861.102MiB file from http://api.brain-map.org//api/v2/well_known_file_download/1026124928
root - WARNING - downloading a 1647.204MiB file from http://api.brain-map.org//api/v2/well_known_file_download/1026124358
root - WARNING - downloading a 2229.259MiB file from http://api.brain-map.org//api/v2/well_known_file_download/1026124303
root - WARNING - downloading a 2155.336MiB file from http://api.brain-map.org//api/v2/well_known_file_download/1026123849
root - WARNING - downloading a 2049.556MiB file from http://api.brain-map.org//api/v2/well_known_file_download/1026124017
root - WARNING - downloading a 1833.417MiB file from http://api.brain-map.org//api/v2/well_known_file_download/1026124761
root - WARNING - downloading a 2278.241MiB file from http://api.brain-map.org//api/v2/well_known_file_download/1026124930
root - WARNING - downloading a 1888.766MiB file from http://api.brain-map.org//api/v2/well_known_file_download/1026124360
root - WARNING - downloading a 2284.167MiB file from http://api.brain-map.org//api/v2/well_known_file_download/1026124305
root - WARNING - downloading a 2080.943MiB file from http://api.brain-map.org//api/v2/well_known_file_download/1026123853
root - WARNING - downloading a 2191.581MiB file from http://api.brain-map.org//api/v2/well_known_file_download/1026124019
root - WARNING - downloading a 1891.602MiB file from http://api.brain-map.org//api/v2/well_known_file_download/1026124767
root - WARNING - downloading a 1891.528MiB file from http://api.brain-map.org//api/v2/well_known_file_download/1026124627
root - WARNING - downloading a 2276.071MiB file from http://api.brain-map.org//api/v2/well_known_file_download/1026123855
root - WARNING - downloading a 2083.193MiB file from http://api.brain-map.org//api/v2/well_known_file_download/1026124197
root - WARNING - downloading a 2335.508MiB file from http://api.brain-map.org//api/v2/well_known_file_download/1026124315
root - WARNING - downloading a 2139.637MiB file from http://api.brain-map.org//api/v2/well_known_file_download/1026124769
root - WARNING - downloading a 2220.951MiB file from http://api.brain-map.org//api/v2/well_known_file_download/1026124631
root - WARNING - downloading a 2015.170MiB file from http://api.brain-map.org//api/v2/well_known_file_download/1026124311
root - WARNING - downloading a 2226.437MiB file from http://api.brain-map.org//api/v2/well_known_file_download/1026123859
root - WARNING - downloading a 2453.515MiB file from http://api.brain-map.org//api/v2/well_known_file_download/1026124201
root - WARNING - downloading a 2389.231MiB file from http://api.brain-map.org//api/v2/well_known_file_download/1026124771
root - WARNING - downloading a 2213.126MiB file from http://api.brain-map.org//api/v2/well_known_file_download/1026124313
root - WARNING - downloading a 1932.043MiB file from http://api.brain-map.org//api/v2/well_known_file_download/1026124629
root - WARNING - downloading a 2258.168MiB file from http://api.brain-map.org//api/v2/well_known_file_download/1026123857
root - ERROR - Error in session: 797828357, probe id: Not selected yet
root - ERROR - Traceback (most recent call last):
  File "/home/acampbell/NeuropixelsLFPOnRamp/DetectingSWRs/ABI_Pipeline/abi_swr_detector.py", line 395, in process_session
    raise FileExistsError(f"The directory {session_subfolder} already exists.")
FileExistsError: The directory /space/scratch/allen_visbehave_swr_data/allen_visbehave_swr_murphylab2024/swrs_session_797828357 already exists.

root - ERROR - Error in session: 798911424, probe id: Not selected yet
root - ERROR - Traceback (most recent call last):
  File "/home/acampbell/NeuropixelsLFPOnRamp/DetectingSWRs/ABI_Pipeline/abi_swr_detector.py", line 395, in process_session
    raise FileExistsError(f"The directory {session_subfolder} already exists.")
FileExistsError: The directory /space/scratch/allen_visbehave_swr_data/allen_visbehave_swr_murphylab2024/swrs_session_798911424 already exists.

root - ERROR - Error in session: 799864342, probe id: Not selected yet
root - ERROR - Traceback (most recent call last):
  File "/home/acampbell/NeuropixelsLFPOnRamp/DetectingSWRs/ABI_Pipeline/abi_swr_detector.py", line 395, in process_session
    raise FileExistsError(f"The directory {session_subfolder} already exists.")
FileExistsError: The directory /space/scratch/allen_visbehave_swr_data/allen_visbehave_swr_murphylab2024/swrs_session_799864342 already exists.

root - WARNING - downloading a 2332.979MiB file from http://api.brain-map.org//api/v2/well_known_file_download/1026124840
root - WARNING - downloading a 2379.392MiB file from http://api.brain-map.org//api/v2/well_known_file_download/1026124203
root - WARNING - downloading a 2519.938MiB file from http://api.brain-map.org//api/v2/well_known_file_download/1026124842
root - ERROR - During session 771990200 processing : Nan in lfp of Probe 773654728, probe skipped.
root - ERROR - Error in session: 771990200, probe id: 773654728
root - ERROR - Traceback (most recent call last):
  File "/home/acampbell/NeuropixelsLFPOnRamp/DetectingSWRs/ABI_Pipeline/abi_swr_detector.py", line 445, in process_session
    raise ValueError(f"During session {session_id} processing : Nan in lfp of Probe {probe_id}, probe skipped.")  # Raise error
ValueError: During session 771990200 processing : Nan in lfp of Probe 773654728, probe skipped.

During handling of the above exception, another exception occurred:

Traceback (most recent call last):
  File "/home/acampbell/NeuropixelsLFPOnRamp/DetectingSWRs/ABI_Pipeline/abi_swr_detector.py", line 448, in process_session
    del lfp  # Delete lfp from memory to save RAM
UnboundLocalError: local variable 'lfp' referenced before assignment

root - ERROR - Error in session: 773418906, probe id: Not selected yet
root - ERROR - Traceback (most recent call last):
  File "/home/acampbell/NeuropixelsLFPOnRamp/DetectingSWRs/ABI_Pipeline/abi_swr_detector.py", line 395, in process_session
    raise FileExistsError(f"The directory {session_subfolder} already exists.")
FileExistsError: The directory /space/scratch/allen_visbehave_swr_data/allen_visbehave_swr_murphylab2024/swrs_session_773418906 already exists.

root - WARNING - downloading a 2252.266MiB file from http://api.brain-map.org//api/v2/well_known_file_download/1026124093
root - WARNING - downloading a 1892.707MiB file from http://api.brain-map.org//api/v2/well_known_file_download/1026124317
root - ERROR - Error in session: 791319847, probe id: Not selected yet
root - ERROR - Traceback (most recent call last):
  File "/home/acampbell/NeuropixelsLFPOnRamp/DetectingSWRs/ABI_Pipeline/abi_swr_detector.py", line 395, in process_session
    raise FileExistsError(f"The directory {session_subfolder} already exists.")
FileExistsError: The directory /space/scratch/allen_visbehave_swr_data/allen_visbehave_swr_murphylab2024/swrs_session_791319847 already exists.

root - WARNING - downloading a 1959.533MiB file from http://api.brain-map.org//api/v2/well_known_file_download/1026123627
root - WARNING - downloading a 2103.040MiB file from http://api.brain-map.org//api/v2/well_known_file_download/1026124634
root - WARNING - downloading a 2284.188MiB file from http://api.brain-map.org//api/v2/well_known_file_download/1026124205
root - WARNING - downloading a 2477.795MiB file from http://api.brain-map.org//api/v2/well_known_file_download/1026124846
root - WARNING - downloading a 2243.093MiB file from http://api.brain-map.org//api/v2/well_known_file_download/1026124088
root - WARNING - downloading a 2237.107MiB file from http://api.brain-map.org//api/v2/well_known_file_download/1026124321
root - WARNING - downloading a 2151.780MiB file from http://api.brain-map.org//api/v2/well_known_file_download/1026123629
root - WARNING - downloading a 2214.955MiB file from http://api.brain-map.org//api/v2/well_known_file_download/1026124208
root - WARNING - downloading a 2252.907MiB file from http://api.brain-map.org//api/v2/well_known_file_download/1026124638
root - WARNING - downloading a 2459.238MiB file from http://api.brain-map.org//api/v2/well_known_file_download/1026124848
root - WARNING - downloading a 2340.091MiB file from http://api.brain-map.org//api/v2/well_known_file_download/1026124091
root - WARNING - downloading a 1847.150MiB file from http://api.brain-map.org//api/v2/well_known_file_download/1026123805
root - WARNING - downloading a 2278.236MiB file from http://api.brain-map.org//api/v2/well_known_file_download/1026124521
root - WARNING - downloading a 1708.627MiB file from http://api.brain-map.org//api/v2/well_known_file_download/1026123633
root - WARNING - downloading a 2259.807MiB file from http://api.brain-map.org//api/v2/well_known_file_download/1026124636
root - WARNING - downloading a 2375.589MiB file from http://api.brain-map.org//api/v2/well_known_file_download/1026124850
root - WARNING - downloading a 1750.417MiB file from http://api.brain-map.org//api/v2/well_known_file_download/1026124095
root - WARNING - downloading a 1651.518MiB file from http://api.brain-map.org//api/v2/well_known_file_download/1026123811
root - WARNING - downloading a 2145.669MiB file from http://api.brain-map.org//api/v2/well_known_file_download/1026124519
root - WARNING - downloading a 2350.922MiB file from http://api.brain-map.org//api/v2/well_known_file_download/1026123635
root - WARNING - downloading a 1962.065MiB file from http://api.brain-map.org//api/v2/well_known_file_download/1026124183
root - WARNING - downloading a 2007.181MiB file from http://api.brain-map.org//api/v2/well_known_file_download/1026123729
root - WARNING - downloading a 2398.285MiB file from http://api.brain-map.org//api/v2/well_known_file_download/1026124372
root - WARNING - downloading a 2096.102MiB file from http://api.brain-map.org//api/v2/well_known_file_download/1026123813
root - WARNING - downloading a 2059.810MiB file from http://api.brain-map.org//api/v2/well_known_file_download/1026123791
root - WARNING - downloading a 2242.579MiB file from http://api.brain-map.org//api/v2/well_known_file_download/1026124523
root - WARNING - downloading a 2281.974MiB file from http://api.brain-map.org//api/v2/well_known_file_download/1026124181
root - WARNING - downloading a 1812.336MiB file from http://api.brain-map.org//api/v2/well_known_file_download/1026123731
root - WARNING - downloading a 2366.869MiB file from http://api.brain-map.org//api/v2/well_known_file_download/1026124374
root - WARNING - downloading a 2011.492MiB file from http://api.brain-map.org//api/v2/well_known_file_download/1026123793
root - WARNING - downloading a 2216.566MiB file from http://api.brain-map.org//api/v2/well_known_file_download/1026123815
root - WARNING - downloading a 2308.749MiB file from http://api.brain-map.org//api/v2/well_known_file_download/1026124189
root - WARNING - downloading a 2083.274MiB file from http://api.brain-map.org//api/v2/well_known_file_download/1026124527
root - WARNING - downloading a 1808.975MiB file from http://api.brain-map.org//api/v2/well_known_file_download/1026124370
root - WARNING - downloading a 2226.859MiB file from http://api.brain-map.org//api/v2/well_known_file_download/1026123733
root - WARNING - downloading a 2460.109MiB file from http://api.brain-map.org//api/v2/well_known_file_download/1026123797
root - WARNING - downloading a 2103.682MiB file from http://api.brain-map.org//api/v2/well_known_file_download/1026124378
root - ERROR - During session 847657808 processing : Nan in lfp of Probe 848037574, probe skipped.
root - ERROR - Error in session: 847657808, probe id: 848037574
root - ERROR - Traceback (most recent call last):
  File "/home/acampbell/NeuropixelsLFPOnRamp/DetectingSWRs/ABI_Pipeline/abi_swr_detector.py", line 445, in process_session
    raise ValueError(f"During session {session_id} processing : Nan in lfp of Probe {probe_id}, probe skipped.")  # Raise error
ValueError: During session 847657808 processing : Nan in lfp of Probe 848037574, probe skipped.

During handling of the above exception, another exception occurred:

Traceback (most recent call last):
  File "/home/acampbell/NeuropixelsLFPOnRamp/DetectingSWRs/ABI_Pipeline/abi_swr_detector.py", line 448, in process_session
    del lfp  # Delete lfp from memory to save RAM
UnboundLocalError: local variable 'lfp' referenced before assignment

root - WARNING - downloading a 2284.669MiB file from http://api.brain-map.org//api/v2/well_known_file_download/1026124191
root - WARNING - downloading a 1817.550MiB file from http://api.brain-map.org//api/v2/well_known_file_download/1026123521
root - WARNING - downloading a 1850.144MiB file from http://api.brain-map.org//api/v2/well_known_file_download/1026123738
root - WARNING - downloading a 2038.631MiB file from http://api.brain-map.org//api/v2/well_known_file_download/1026124525
root - WARNING - downloading a 1956.061MiB file from http://api.brain-map.org//api/v2/well_known_file_download/1026124376
root - WARNING - downloading a 2279.982MiB file from http://api.brain-map.org//api/v2/well_known_file_download/1026123526
root - WARNING - downloading a 1879.447MiB file from http://api.brain-map.org//api/v2/well_known_file_download/1026123735
root - WARNING - downloading a 2165.860MiB file from http://api.brain-map.org//api/v2/well_known_file_download/1026124187
root - WARNING - downloading a 2340.062MiB file from http://api.brain-map.org//api/v2/well_known_file_download/1026124529
root - WARNING - downloading a 1981.631MiB file from http://api.brain-map.org//api/v2/well_known_file_download/1026123826
root - WARNING - downloading a 1295.123MiB file from http://api.brain-map.org//api/v2/well_known_file_download/1026123528
root - ERROR - During session 840012044 processing : Nan in lfp of Probe 841431754, probe skipped.
root - ERROR - Error in session: 840012044, probe id: 841431754
root - ERROR - Traceback (most recent call last):
  File "/home/acampbell/NeuropixelsLFPOnRamp/DetectingSWRs/ABI_Pipeline/abi_swr_detector.py", line 445, in process_session
    raise ValueError(f"During session {session_id} processing : Nan in lfp of Probe {probe_id}, probe skipped.")  # Raise error
ValueError: During session 840012044 processing : Nan in lfp of Probe 841431754, probe skipped.

During handling of the above exception, another exception occurred:

Traceback (most recent call last):
  File "/home/acampbell/NeuropixelsLFPOnRamp/DetectingSWRs/ABI_Pipeline/abi_swr_detector.py", line 448, in process_session
    del lfp  # Delete lfp from memory to save RAM
UnboundLocalError: local variable 'lfp' referenced before assignment

root - WARNING - downloading a 1828.640MiB file from http://api.brain-map.org//api/v2/well_known_file_download/1026123530
root - WARNING - downloading a 1998.402MiB file from http://api.brain-map.org//api/v2/well_known_file_download/1026123828
root - WARNING - downloading a 2479.253MiB file from http://api.brain-map.org//api/v2/well_known_file_download/1026123832
