root - WARNING - downloading a 2331.512MiB file from http://api.brain-map.org//api/v2/well_known_file_download/1026124036
root - ERROR - During session 715093703 processing : Nan in lfp of Probe 810755801, probe skipped.
root - ERROR - Error in session: 715093703, probe id: 810755801
root - ERROR - Traceback (most recent call last):
  File "/home/acampbell/NeuropixelsLFPOnRamp/DetectingSWRs/ABI_Pipeline/abi_swr_detector.py", line 442, in process_session
    raise ValueError(f"During session {session_id} processing : Nan in lfp of Probe {probe_id}, probe skipped.")  # Raise error
ValueError: During session 715093703 processing : Nan in lfp of Probe 810755801, probe skipped.

During handling of the above exception, another exception occurred:

Traceback (most recent call last):
  File "/home/acampbell/NeuropixelsLFPOnRamp/DetectingSWRs/ABI_Pipeline/abi_swr_detector.py", line 445, in process_session
    del lfp  # Delete lfp from memory to save RAM
UnboundLocalError: local variable 'lfp' referenced before assignment

root - WARNING - downloading a 2297.802MiB file from http://api.brain-map.org//api/v2/well_known_file_download/1026124040
root - WARNING - downloading a 68.456MiB file from http://api.brain-map.org//api/v2/well_known_file_download/1026124042
root - WARNING - downloading a 68.940MiB file from http://api.brain-map.org//api/v2/well_known_file_download/1026124044
root - WARNING - downloading a 1215.548MiB file from http://api.brain-map.org//api/v2/well_known_file_download/1026124046
root - ERROR - During session 721123822 processing : Nan in lfp of Probe 760213150, probe skipped.
root - ERROR - Error in session: 721123822, probe id: 760213150
root - ERROR - Traceback (most recent call last):
  File "/home/acampbell/NeuropixelsLFPOnRamp/DetectingSWRs/ABI_Pipeline/abi_swr_detector.py", line 442, in process_session
    raise ValueError(f"During session {session_id} processing : Nan in lfp of Probe {probe_id}, probe skipped.")  # Raise error
ValueError: During session 721123822 processing : Nan in lfp of Probe 760213150, probe skipped.

During handling of the above exception, another exception occurred:

Traceback (most recent call last):
  File "/home/acampbell/NeuropixelsLFPOnRamp/DetectingSWRs/ABI_Pipeline/abi_swr_detector.py", line 445, in process_session
    del lfp  # Delete lfp from memory to save RAM
UnboundLocalError: local variable 'lfp' referenced before assignment

