root - WARNING - downloading a 2331.512MiB file from http://api.brain-map.org//api/v2/well_known_file_download/1026124036
root - WARNING - downloading a 1955.678MiB file from http://api.brain-map.org//api/v2/well_known_file_download/1026123702
root - ERROR - During session 715093703 processing : Nan in lfp of Probe 810755801, probe skipped.
root - ERROR - Error in session: 715093703, probe id: 810755801
root - ERROR - Traceback (most recent call last):
  File "/home/acampbell/NeuropixelsLFPOnRamp/DetectingSWRs/ABI_Pipeline/allen_swr_detector.py", line 466, in process_session
    raise ValueError(f"During session {session_id} processing : Nan in lfp of Probe {probe_id}, probe skipped.")  # Raise error
ValueError: During session 715093703 processing : Nan in lfp of Probe 810755801, probe skipped.

During handling of the above exception, another exception occurred:

Traceback (most recent call last):
  File "/home/acampbell/NeuropixelsLFPOnRamp/DetectingSWRs/ABI_Pipeline/allen_swr_detector.py", line 469, in process_session
    del lfp  # Delete and lfp from memory to save RAM
UnboundLocalError: local variable 'lfp' referenced before assignment

root - WARNING - downloading a 2297.802MiB file from http://api.brain-map.org//api/v2/well_known_file_download/1026124040
root - WARNING - downloading a 2143.470MiB file from http://api.brain-map.org//api/v2/well_known_file_download/1026123704
