root - WARNING - downloading a 2331.512MiB file from http://api.brain-map.org//api/v2/well_known_file_download/1026124036
root - ERROR - During session 715093703 processing : Nan in lfp of Probe 810755801, probe skipped.
root - ERROR - Error in session: 715093703, probe id: 810755801
root - ERROR - Traceback (most recent call last):
  File "/home/acampbell/NeuropixelsLFPOnRamp/DetectingSWRs/ABI_Pipeline/allen_swr_detector.py", line 455, in process_session
    raise ValueError(f"During session {session_id} processing : Nan in lfp of Probe {probe_id}, probe skipped.")  # Raise error
ValueError: During session 715093703 processing : Nan in lfp of Probe 810755801, probe skipped.

During handling of the above exception, another exception occurred:

Traceback (most recent call last):
  File "/home/acampbell/NeuropixelsLFPOnRamp/DetectingSWRs/ABI_Pipeline/allen_swr_detector.py", line 458, in process_session
    del lfp  # Delete and lfp from memory to save RAM
UnboundLocalError: local variable 'lfp' referenced before assignment

root - ERROR - Error in session: 719161530, probe id: 729445650
root - ERROR - Traceback (most recent call last):
  File "/home/acampbell/NeuropixelsLFPOnRamp/DetectingSWRs/ABI_Pipeline/allen_swr_detector.py", line 572, in process_session
    np.savez_compressed(lfpfile_path, rawlfp=peakripchan_lfp_ca1)
NameError: name 'lfpfile_path' is not defined

root - ERROR - Error in session: 721123822, probe id: 760213137
root - ERROR - Traceback (most recent call last):
  File "/home/acampbell/NeuropixelsLFPOnRamp/DetectingSWRs/ABI_Pipeline/allen_swr_detector.py", line 572, in process_session
    np.savez_compressed(lfpfile_path, rawlfp=peakripchan_lfp_ca1)
NameError: name 'lfpfile_path' is not defined

